// Vitest Snapshot v1, https://vitest.dev/guide/snapshot.html

exports[`user avatar is normal 1`] = `
<div>
  
  <div
    data-v-46dce084=""
    style="display: inline-flex;"
  >
    <div
      class="ant-avatar-group css-dev-only-do-not-override-16pw25h"
      data-v-46dce084=""
    >
      
      <span
        class="ant-avatar ant-avatar-circle ant-avatar-image css-dev-only-do-not-override-16pw25h"
        data-v-46dce084=""
      >
        <img
          src="https://s1-imfile.feishucdn.com/static-resource/v1/v3_009p_b3b75461-971a-41e0-ac58-f755d34ef05g~?image_size=noop&cut_type=&quality=&format=png&sticker_format=.webp"
        />
      </span>
      <span
        class="ant-avatar ant-avatar-circle ant-avatar-image css-dev-only-do-not-override-16pw25h"
        data-v-46dce084=""
      >
        <img
          src="https://s1-imfile.feishucdn.com/static-resource/v1/v3_009p_b3b75461-971a-41e0-ac58-f755d34ef05g~?image_size=noop&cut_type=&quality=&format=png&sticker_format=.webp"
        />
      </span>
      <span
        class="ant-avatar ant-avatar-circle ant-avatar-image css-dev-only-do-not-override-16pw25h"
        data-v-46dce084=""
      >
        <img
          src="https://s1-imfile.feishucdn.com/static-resource/v1/v3_009p_b3b75461-971a-41e0-ac58-f755d34ef05g~?image_size=noop&cut_type=&quality=&format=png&sticker_format=.webp"
        />
      </span>
      
    </div>
  </div>
  <!---->
  
</div>
`;

exports[`with provider 1`] = `
<div>
  <h4>
    Inside of Provider
  </h4>
  
  
  <div
    data-v-7871c292=""
    style="display: inline-flex;"
  >
    <span
      class="ant-tag css-dev-only-do-not-override-16pw25h ant-tag-default boke-useravator-wrapper is_tag is_highlight"
      data-v-7871c292=""
      style="padding: 2px 12px 2px 2px; border-radius: 50px;"
    >
      
      <div
        class="left-icon"
        data-v-7871c292=""
      >
        <span
          class="avator-icon ant-avatar ant-avatar-circle ant-avatar-image css-dev-only-do-not-override-16pw25h"
          data-v-7871c292=""
          style="width: 28px; height: 28px; line-height: 28px; font-size: 18px;"
        >
          <img
            src="https://s1-imfile.feishucdn.com/static-resource/v1/v3_009p_b3b75461-971a-41e0-ac58-f755d34ef05g~?image_size=noop&cut_type=&quality=&format=png&sticker_format=.webp"
          />
        </span>
      </div>
      
      
      <div
        class="label"
        data-v-7871c292=""
      >
        <span
          class="realname"
          data-v-7871c292=""
        >
          Julone-new
        </span>
        <span
          class="id"
          data-v-7871c292=""
        >
          <span
            data-v-7871c292=""
          >
            运维部
          </span>
        </span>
      </div>
      <!--v-if-->
      <!--v-if-->
      
      
      
      <!---->
    </span>
  </div>
  <!---->
  
  
  <h4>
    Out of Provider
  </h4>
  
  <div
    data-v-7871c292=""
    style="display: inline-flex;"
  >
    <span
      class="ant-tag css-dev-only-do-not-override-16pw25h ant-tag-default boke-useravator-wrapper is_tag"
      data-v-7871c292=""
      style="padding: 2px 12px 2px 2px; border-radius: 50px;"
    >
      
      <div
        class="left-icon"
        data-v-7871c292=""
      >
        <span
          class="avator-icon ant-avatar ant-avatar-circle ant-avatar-image css-dev-only-do-not-override-16pw25h"
          data-v-7871c292=""
          style="width: 28px; height: 28px; line-height: 28px; font-size: 18px;"
        >
          <img
            src="https://s1-imfile.feishucdn.com/static-resource/v1/v3_009p_b3b75461-971a-41e0-ac58-f755d34ef05g~?image_size=noop&cut_type=&quality=&format=png&sticker_format=.webp"
          />
        </span>
      </div>
      
      
      <div
        class="label"
        data-v-7871c292=""
      >
        <span
          class="realname"
          data-v-7871c292=""
        >
          Julone
        </span>
        <span
          class="id"
          data-v-7871c292=""
        >
          <span
            data-v-7871c292=""
          >
            运维部
          </span>
        </span>
      </div>
      <!--v-if-->
      <!--v-if-->
      
      
      
      <!---->
    </span>
  </div>
  <!---->
  
  <h4>
    In of Drawer
  </h4>
  <button
    aria-disabled="false"
    class="el-button el-button--primary"
    style="margin-left: 16px;"
    type="button"
  >
    <!--v-if-->
    <span
      class=""
    >
      
       open 
      
    </span>
  </button>
  <!--teleport start-->
  <div
    class="el-overlay"
    style="z-index: 2001; display: none;"
  >
    
    
    <div
      aria-describedby="el-id-5000-0"
      aria-label="I am the title"
      aria-modal="true"
      class="el-drawer rtl"
      role="dialog"
      style="width: 30%;"
    >
      <span
        class="el-drawer__sr-focus"
        tabindex="-1"
      />
      <!--v-if-->
      <!--v-if-->
      <!--v-if-->
    </div>
    
    
  </div>
  <!--teleport end-->
</div>
`;
